// Jest Snapshot v1, https://goo.gl/fbAQLP

exports[`DragCanvasState Constructor 1`] = `
Object {
  "name": "drag-canvas",
}
`;
