// Jest Snapshot v1, https://goo.gl/fbAQLP

exports[`MoveItemsState Constructor 1`] = `
Object {
  "name": "move-items",
}
`;
