// Jest Snapshot v1, https://goo.gl/fbAQLP

exports[`SelectingState Constructor 1`] = `
Object {
  "name": "selecting",
}
`;
