// Jest Snapshot v1, https://goo.gl/fbAQLP

exports[`SelectionBoxState Constructor 1`] = `
Object {
  "name": "selection-box",
}
`;

exports[`SelectionBoxState getBoxDimensions 1`] = `
Object {
  "bottom": 20,
  "height": 20,
  "left": 0,
  "right": 30,
  "top": 0,
  "width": 30,
}
`;

exports[`SelectionBoxState getBoxDimensions 2`] = `
Object {
  "bottom": 120,
  "height": 100,
  "left": 30,
  "right": 100,
  "top": 20,
  "width": 70,
}
`;

exports[`SelectionBoxState getBoxDimensions 3`] = `
Object {
  "bottom": 120,
  "height": 100,
  "left": 30,
  "right": 100,
  "top": 20,
  "width": 70,
}
`;
